2026-05-27 06:05:35 Loaded main app package /usr/lib/obsidian/obsidian.asar
2026-05-27 06:05:35 Checking for update using Github
2026-05-27 06:05:35 Success.
2026-05-27 06:05:35 Latest version is 1.12.7
2026-05-27 06:05:35 App is up to date.
2026-05-27 13:00:08 Loaded main app package /usr/lib/obsidian/obsidian.asar
2026-05-27 13:00:08 Checking for update using Github
2026-05-27 13:00:09 Success.
2026-05-27 13:00:09 Latest version is 1.12.7
2026-05-27 13:00:09 App is up to date.
2026-05-30 02:49:58 Loaded main app package /usr/lib/obsidian/obsidian.asar
2026-05-30 02:49:59 Checking for update using Github
2026-05-30 02:49:59 Success.
2026-05-30 02:49:59 Latest version is 1.12.7
2026-05-30 02:49:59 App is up to date.
2026-05-30 02:50:40 Loaded main app package /usr/lib/obsidian/obsidian.asar
2026-05-30 02:50:40 Checking for update using Github
2026-05-30 02:50:40 Success.
2026-05-30 02:50:40 Latest version is 1.12.7
2026-05-30 02:50:40 App is up to date.
2026-05-30 02:50:53 Loaded main app package /usr/lib/obsidian/obsidian.asar
2026-05-30 02:50:53 Checking for update using Github
2026-05-30 02:50:54 Success.
2026-05-30 02:50:54 Latest version is 1.12.7
2026-05-30 02:50:54 App is up to date.
2026-06-02 04:24:50 Loaded main app package /usr/lib/obsidian/obsidian.asar
2026-06-02 04:24:50 Checking for update using Github
2026-06-02 04:24:51 Success.
2026-06-02 04:24:51 Latest version is 1.12.7
2026-06-02 04:24:51 App is up to date.
2026-06-02 04:27:08 Loaded main app package /usr/lib/obsidian/obsidian.asar
2026-06-02 04:27:08 Checking for update using Github
2026-06-02 04:27:08 Success.
2026-06-02 04:27:08 Latest version is 1.12.7
2026-06-02 04:27:08 App is up to date.
2026-06-02 06:04:54 Loaded main app package /usr/lib/obsidian/obsidian.asar
2026-06-02 06:04:54 Checking for update using Github
2026-06-02 06:04:55 Success.
2026-06-02 06:04:55 Latest version is 1.12.7
2026-06-02 06:04:55 App is up to date.
2026-06-03 11:57:46 Loaded main app package /usr/lib/obsidian/obsidian.asar
2026-06-03 11:57:46 Checking for update using Github
2026-06-03 11:57:46 Success.
2026-06-03 11:57:46 Latest version is 1.12.7
2026-06-03 11:57:46 App is up to date.
