2026-05-28 21:03:12.741 [info] [main] Log level: Info
2026-05-28 21:03:12.741 [info] [main] Validating found git in: "git"
2026-05-28 21:03:12.741 [info] [main] Using git "2.54.0" from "git"
2026-05-28 21:03:12.741 [info] [Model][doInitialScan] Initial repository scan started
2026-05-28 21:03:12.741 [info] > git rev-parse --show-toplevel [11ms]
2026-05-28 21:03:12.741 [info] fatal: not a git repository (or any parent up to mount point /)
Stopping at filesystem boundary (GIT_DISCOVERY_ACROSS_FILESYSTEM not set).
2026-05-28 21:03:12.741 [info] [Model][doInitialScan] Initial repository scan completed - repositories (0), closed repositories (0), parent repositories (0), unsafe repositories (0)
2026-05-28 21:03:12.741 [info] > git rev-parse --show-toplevel [7ms]
2026-05-28 21:03:12.741 [info] fatal: not a git repository (or any parent up to mount point /)
Stopping at filesystem boundary (GIT_DISCOVERY_ACROSS_FILESYSTEM not set).
2026-05-28 21:03:13.823 [info] > git rev-parse --show-toplevel [4ms]
2026-05-28 21:03:13.823 [info] fatal: not a git repository (or any parent up to mount point /)
Stopping at filesystem boundary (GIT_DISCOVERY_ACROSS_FILESYSTEM not set).
2026-05-28 21:03:15.589 [info] > git rev-parse --show-toplevel [4ms]
2026-05-28 21:03:15.589 [info] fatal: not a git repository (or any parent up to mount point /)
Stopping at filesystem boundary (GIT_DISCOVERY_ACROSS_FILESYSTEM not set).
2026-05-28 21:17:26.980 [info] > git rev-parse --show-toplevel [2ms]
2026-05-28 21:17:26.980 [info] fatal: not a git repository (or any parent up to mount point /)
Stopping at filesystem boundary (GIT_DISCOVERY_ACROSS_FILESYSTEM not set).
